<html>
<body>
<pre>
<h1>µVision Build Log</h1>
<h2>Tool Versions:</h2>
IDE-Version: µVision V5.29.0.0
Copyright (C) 2019 ARM Ltd and ARM Germany GmbH. All rights reserved.
License Information: Loris Wyss, GIBB, LIC=----
 
Tool Versions:
Toolchain:       MDK-Lite  Version: 5.29.0.0
Toolchain Path:  C:\Keil_v5\ARM\ARMCC\Bin
C Compiler:      Armcc.exe V5.06 update 6 (build 750)
Assembler:       Armasm.exe V5.06 update 6 (build 750)
Linker/Locator:  ArmLink.exe V5.06 update 6 (build 750)
Library Manager: ArmAr.exe V5.06 update 6 (build 750)
Hex Converter:   FromElf.exe V5.06 update 6 (build 750)
CPU DLL:         SARMCM3.DLL V5.29.0.0
Dialog DLL:      DARMCM1.DLL V1.19.2.0
Target DLL:      STLink\ST-LINKIII-KEIL_SWO.dll V3.0.7.0
Dialog DLL:      TARMCM1.DLL V1.14.1.0
 
<h2>Project:</h2>
C:\Loris\Privat\Projekte\LichtControllerV1\SW\LichtController\MDK-ARM\LichtController.uvprojx
Project File Date:  08/20/2021

<h2>Output:</h2>
*** Using Compiler 'V5.06 update 6 (build 750)', folder: 'C:\Keil_v5\ARM\ARMCC\Bin'
Build target 'LichtController'
compiling main.c...
../Src/main.c(774): warning:  #111-D: statement is unreachable
  	return;
../Src/main.c(281): warning:  #177-D: function "MX_ADC_Init"  was declared but never referenced
  static void MX_ADC_Init(void)
../Src/main.c(333): warning:  #177-D: function "MX_I2C1_Init"  was declared but never referenced
  static void MX_I2C1_Init(void)
../Src/main.c(379): warning:  #177-D: function "MX_SPI1_Init"  was declared but never referenced
  static void MX_SPI1_Init(void)
../Src/main.c: 4 warnings, 0 errors
linking...
Program Size: Code=13372 RO-data=228 RW-data=100 ZI-data=1780  
FromELF: creating hex file...
"LichtController\LichtController.axf" - 0 Error(s), 4 Warning(s).

<h2>Software Packages used:</h2>

Package Vendor: ARM
                http://www.keil.com/pack/ARM.CMSIS.5.6.0.pack
                ARM.CMSIS.5.6.0
                CMSIS (Cortex Microcontroller Software Interface Standard)
   * Component: CORE Version: 5.3.0

Package Vendor: Keil
                http://www.keil.com/pack/Keil.STM32F0xx_DFP.2.0.0.pack
                Keil.STM32F0xx_DFP.2.0.0
                STMicroelectronics STM32F0 Series Device Support, Drivers and Examples

<h2>Collection of Component include folders:</h2>
  .\RTE\_LichtController
  C:\Users\Loris Wyss\AppData\Local\Arm\Packs\ARM\CMSIS\5.6.0\CMSIS\Core\Include
  C:\Users\Loris Wyss\AppData\Local\Arm\Packs\Keil\STM32F0xx_DFP\2.0.0\Drivers\CMSIS\Device\ST\STM32F0xx\Include

<h2>Collection of Component Files used:</h2>

   * Component: ARM::CMSIS:CORE:5.3.0
Build Time Elapsed:  00:00:02
</pre>
</body>
</html>
